
There are no discarded input sections

Memory Configuration

Name             Origin             Length             Attributes
RAM              0x20000000         0x00005000         xrw
FLASH            0x08000000         0x00010000         xr
*default*        0x00000000         0xffffffff

Linker script and memory map

LOAD build/main.o
LOAD build/system_stm32f10x.o
LOAD build/startup_stm32f10x_md.o
                0x20005000                        _estack = (ORIGIN (RAM) + LENGTH (RAM))

.isr_vector     0x08000000      0x10c
                0x08000000                        . = ALIGN (0x4)
 *(.isr_vector)
 .isr_vector    0x08000000      0x10c build/startup_stm32f10x_md.o
                0x08000000                g_pfnVectors
                0x0800010c                        . = ALIGN (0x4)

.text           0x0800010c      0x360
                0x0800010c                        . = ALIGN (0x4)
 *(.text)
 .text          0x0800010c        0x0 build/main.o
 .text          0x0800010c        0x0 build/system_stm32f10x.o
 .text          0x0800010c       0x14 build/startup_stm32f10x_md.o
 *(.text*)
 .text.delay_ms
                0x08000120       0x44 build/main.o
                0x08000120                delay_ms
 .text.main     0x08000164       0x68 build/main.o
                0x08000164                main
 .text.SystemInit
                0x080001cc       0x68 build/system_stm32f10x.o
                0x080001cc                SystemInit
 .text.SystemCoreClockUpdate
                0x08000234       0xe4 build/system_stm32f10x.o
                0x08000234                SystemCoreClockUpdate
 .text.SetSysClock
                0x08000318        0xc build/system_stm32f10x.o
 .text.SetSysClockTo72
                0x08000324      0x100 build/system_stm32f10x.o
 .text.Reset_Handler
                0x08000424       0x44 build/startup_stm32f10x_md.o
                0x08000424                Reset_Handler
 .text.Default_Handler
                0x08000468        0x2 build/startup_stm32f10x_md.o
                0x08000468                EXTI2_IRQHandler
                0x08000468                DebugMon_Handler
                0x08000468                TIM1_CC_IRQHandler
                0x08000468                HardFault_Handler
                0x08000468                SysTick_Handler
                0x08000468                PVD_IRQHandler
                0x08000468                PendSV_Handler
                0x08000468                NMI_Handler
                0x08000468                EXTI3_IRQHandler
                0x08000468                EXTI0_IRQHandler
                0x08000468                I2C2_EV_IRQHandler
                0x08000468                UsageFault_Handler
                0x08000468                ADC1_2_IRQHandler
                0x08000468                SPI1_IRQHandler
                0x08000468                TAMPER_IRQHandler
                0x08000468                DMA1_Channel4_IRQHandler
                0x08000468                USART3_IRQHandler
                0x08000468                RTC_IRQHandler
                0x08000468                DMA1_Channel7_IRQHandler
                0x08000468                CAN1_RX1_IRQHandler
                0x08000468                TIM4_IRQHandler
                0x08000468                I2C1_EV_IRQHandler
                0x08000468                DMA1_Channel6_IRQHandler
                0x08000468                TIM3_IRQHandler
                0x08000468                RCC_IRQHandler
                0x08000468                TIM1_TRG_COM_IRQHandler
                0x08000468                DMA1_Channel1_IRQHandler
                0x08000468                Default_Handler
                0x08000468                EXTI15_10_IRQHandler
                0x08000468                EXTI9_5_IRQHandler
                0x08000468                SPI2_IRQHandler
                0x08000468                MemManage_Handler
                0x08000468                SVC_Handler
                0x08000468                DMA1_Channel5_IRQHandler
                0x08000468                EXTI4_IRQHandler
                0x08000468                USB_LP_CAN1_RX0_IRQHandler
                0x08000468                USB_HP_CAN1_TX_IRQHandler
                0x08000468                DMA1_Channel3_IRQHandler
                0x08000468                TIM1_UP_IRQHandler
                0x08000468                WWDG_IRQHandler
                0x08000468                TIM2_IRQHandler
                0x08000468                TIM1_BRK_IRQHandler
                0x08000468                EXTI1_IRQHandler
                0x08000468                RTCAlarm_IRQHandler
                0x08000468                USART2_IRQHandler
                0x08000468                I2C2_ER_IRQHandler
                0x08000468                DMA1_Channel2_IRQHandler
                0x08000468                CAN1_SCE_IRQHandler
                0x08000468                FLASH_IRQHandler
                0x08000468                BusFault_Handler
                0x08000468                USART1_IRQHandler
                0x08000468                I2C1_ER_IRQHandler
                0x08000468                USBWakeUp_IRQHandler
 *(.glue_7)
 .glue_7        0x0800046a        0x0 linker stubs
 *(.glue_7t)
 .glue_7t       0x0800046a        0x0 linker stubs
 *(.eh_frame)
 *(.init)
 *(.fini)
                0x0800046c                        . = ALIGN (0x4)
 *fill*         0x0800046a        0x2 
                0x0800046c                        _etext = .

.vfp11_veneer   0x0800046c        0x0
 .vfp11_veneer  0x0800046c        0x0 linker stubs

.v4_bx          0x0800046c        0x0
 .v4_bx         0x0800046c        0x0 linker stubs

.iplt           0x0800046c        0x0
 .iplt          0x0800046c        0x0 build/system_stm32f10x.o

.rodata         0x0800046c       0x10
                0x0800046c                        . = ALIGN (0x4)
 *(.rodata)
 *(.rodata*)
 .rodata.AHBPrescTable
                0x0800046c       0x10 build/system_stm32f10x.o
                0x0800046c                AHBPrescTable
                0x0800047c                        . = ALIGN (0x4)
                0x0800047c                        _sidata = LOADADDR (.data)

.rel.dyn        0x0800047c        0x0
 .rel.iplt      0x0800047c        0x0 build/system_stm32f10x.o

.data           0x20000000        0x4 load address 0x0800047c
                0x20000000                        . = ALIGN (0x4)
                0x20000000                        _sdata = .
 *(.data)
 .data          0x20000000        0x0 build/main.o
 .data          0x20000000        0x0 build/system_stm32f10x.o
 .data          0x20000000        0x0 build/startup_stm32f10x_md.o
 *(.data*)
 .data.SystemCoreClock
                0x20000000        0x4 build/system_stm32f10x.o
                0x20000000                SystemCoreClock
                0x20000004                        . = ALIGN (0x4)
                0x20000004                        _edata = .

.igot.plt       0x20000004        0x0 load address 0x08000480
 .igot.plt      0x20000004        0x0 build/system_stm32f10x.o

.bss            0x20000004        0x0 load address 0x08000480
                0x20000004                        . = ALIGN (0x4)
                0x20000004                        _sbss = .
                0x20000004                        __bss_start__ = _sbss
 *(.bss)
 .bss           0x20000004        0x0 build/main.o
 .bss           0x20000004        0x0 build/system_stm32f10x.o
 .bss           0x20000004        0x0 build/startup_stm32f10x_md.o
 *(.bss*)
 *(COMMON)
                0x20000004                        . = ALIGN (0x4)
                0x20000004                        _ebss = .
                0x20000004                        __bss_end__ = _ebss

/DISCARD/
 libc.a(*)
 libm.a(*)
 libgcc.a(*)
OUTPUT(build/bai3.elf elf32-littlearm)
LOAD linker stubs
LOAD /usr/lib/gcc/arm-none-eabi/14.2.1/../../../arm-none-eabi/lib/thumb/v7-m/nofp/libc.a
LOAD /usr/lib/gcc/arm-none-eabi/14.2.1/../../../arm-none-eabi/lib/thumb/v7-m/nofp/libm.a
LOAD /usr/lib/gcc/arm-none-eabi/14.2.1/thumb/v7-m/nofp/libgcc.a

.comment        0x00000000       0x26
 .comment       0x00000000       0x26 build/main.o
                                 0x27 (size before relaxing)
 .comment       0x00000026        0x0 build/system_stm32f10x.o
                                 0x27 (size before relaxing)

.ARM.attributes
                0x00000000       0x2b
 .ARM.attributes
                0x00000000       0x2d build/main.o
 .ARM.attributes
                0x0000002d       0x2d build/system_stm32f10x.o
 .ARM.attributes
                0x0000005a       0x21 build/startup_stm32f10x_md.o
