
There are no discarded input sections

Memory Configuration

Name             Origin             Length             Attributes
RAM              0x20000000         0x00005000         xrw
FLASH            0x08000000         0x00010000         xr
*default*        0x00000000         0xffffffff

Linker script and memory map

LOAD build/startup_stm32f10x_md.o
LOAD build/system_stm32f10x.o
LOAD build/main.o
                0x20005000                        _estack = (ORIGIN (RAM) + LENGTH (RAM))

.isr_vector     0x08000000      0x10c
                0x08000000                        . = ALIGN (0x4)
 *(.isr_vector)
 .isr_vector    0x08000000      0x10c build/startup_stm32f10x_md.o
                0x08000000                g_pfnVectors
                0x0800010c                        . = ALIGN (0x4)

.text           0x0800010c      0x34c
                0x0800010c                        . = ALIGN (0x4)
 *(.text)
 .text          0x0800010c       0x14 build/startup_stm32f10x_md.o
 .text          0x08000120      0x258 build/system_stm32f10x.o
                0x08000120                SystemInit
                0x08000188                SystemCoreClockUpdate
 .text          0x08000378       0x98 build/main.o
                0x08000378                delay_ms
                0x080003bc                main
 *(.text*)
 .text.Reset_Handler
                0x08000410       0x44 build/startup_stm32f10x_md.o
                0x08000410                Reset_Handler
 .text.Default_Handler
                0x08000454        0x2 build/startup_stm32f10x_md.o
                0x08000454                EXTI2_IRQHandler
                0x08000454                DebugMon_Handler
                0x08000454                TIM1_CC_IRQHandler
                0x08000454                HardFault_Handler
                0x08000454                SysTick_Handler
                0x08000454                PVD_IRQHandler
                0x08000454                PendSV_Handler
                0x08000454                NMI_Handler
                0x08000454                EXTI3_IRQHandler
                0x08000454                EXTI0_IRQHandler
                0x08000454                I2C2_EV_IRQHandler
                0x08000454                UsageFault_Handler
                0x08000454                ADC1_2_IRQHandler
                0x08000454                SPI1_IRQHandler
                0x08000454                TAMPER_IRQHandler
                0x08000454                DMA1_Channel4_IRQHandler
                0x08000454                USART3_IRQHandler
                0x08000454                RTC_IRQHandler
                0x08000454                DMA1_Channel7_IRQHandler
                0x08000454                CAN1_RX1_IRQHandler
                0x08000454                TIM4_IRQHandler
                0x08000454                I2C1_EV_IRQHandler
                0x08000454                DMA1_Channel6_IRQHandler
                0x08000454                TIM3_IRQHandler
                0x08000454                RCC_IRQHandler
                0x08000454                TIM1_TRG_COM_IRQHandler
                0x08000454                DMA1_Channel1_IRQHandler
                0x08000454                Default_Handler
                0x08000454                EXTI15_10_IRQHandler
                0x08000454                EXTI9_5_IRQHandler
                0x08000454                SPI2_IRQHandler
                0x08000454                MemManage_Handler
                0x08000454                SVC_Handler
                0x08000454                DMA1_Channel5_IRQHandler
                0x08000454                EXTI4_IRQHandler
                0x08000454                USB_LP_CAN1_RX0_IRQHandler
                0x08000454                USB_HP_CAN1_TX_IRQHandler
                0x08000454                DMA1_Channel3_IRQHandler
                0x08000454                TIM1_UP_IRQHandler
                0x08000454                WWDG_IRQHandler
                0x08000454                TIM2_IRQHandler
                0x08000454                TIM1_BRK_IRQHandler
                0x08000454                EXTI1_IRQHandler
                0x08000454                RTCAlarm_IRQHandler
                0x08000454                USART2_IRQHandler
                0x08000454                I2C2_ER_IRQHandler
                0x08000454                DMA1_Channel2_IRQHandler
                0x08000454                CAN1_SCE_IRQHandler
                0x08000454                FLASH_IRQHandler
                0x08000454                BusFault_Handler
                0x08000454                USART1_IRQHandler
                0x08000454                I2C1_ER_IRQHandler
                0x08000454                USBWakeUp_IRQHandler
 *(.glue_7)
 .glue_7        0x08000456        0x0 linker stubs
 *(.glue_7t)
 .glue_7t       0x08000456        0x0 linker stubs
 *(.eh_frame)
 *(.init)
 *(.fini)
                0x08000458                        . = ALIGN (0x4)
 *fill*         0x08000456        0x2 
                0x08000458                        _etext = .

.vfp11_veneer   0x08000458        0x0
 .vfp11_veneer  0x08000458        0x0 linker stubs

.v4_bx          0x08000458        0x0
 .v4_bx         0x08000458        0x0 linker stubs

.iplt           0x08000458        0x0
 .iplt          0x08000458        0x0 build/startup_stm32f10x_md.o

.rodata         0x08000458       0x10
                0x08000458                        . = ALIGN (0x4)
 *(.rodata)
 .rodata        0x08000458       0x10 build/system_stm32f10x.o
                0x08000458                AHBPrescTable
 *(.rodata*)
                0x08000468                        . = ALIGN (0x4)
                0x08000468                        _sidata = LOADADDR (.data)

.rel.dyn        0x08000468        0x0
 .rel.iplt      0x08000468        0x0 build/startup_stm32f10x_md.o

.data           0x20000000        0x4 load address 0x08000468
                0x20000000                        . = ALIGN (0x4)
                0x20000000                        _sdata = .
 *(.data)
 .data          0x20000000        0x0 build/startup_stm32f10x_md.o
 .data          0x20000000        0x4 build/system_stm32f10x.o
                0x20000000                SystemCoreClock
 .data          0x20000004        0x0 build/main.o
 *(.data*)
                0x20000004                        . = ALIGN (0x4)
                0x20000004                        _edata = .

.igot.plt       0x20000004        0x0 load address 0x0800046c
 .igot.plt      0x20000004        0x0 build/startup_stm32f10x_md.o

.bss            0x20000004        0x0 load address 0x0800046c
                0x20000004                        . = ALIGN (0x4)
                0x20000004                        _sbss = .
                0x20000004                        __bss_start__ = _sbss
 *(.bss)
 .bss           0x20000004        0x0 build/startup_stm32f10x_md.o
 .bss           0x20000004        0x0 build/system_stm32f10x.o
 .bss           0x20000004        0x0 build/main.o
 *(.bss*)
 *(COMMON)
                0x20000004                        . = ALIGN (0x4)
                0x20000004                        _ebss = .
                0x20000004                        __bss_end__ = _ebss

/DISCARD/
 libc.a(*)
 libm.a(*)
 libgcc.a(*)
OUTPUT(build/bai03.elf elf32-littlearm)
LOAD linker stubs
LOAD /usr/lib/gcc/arm-none-eabi/14.2.1/../../../arm-none-eabi/lib/thumb/v7-m/nofp/libc.a
LOAD /usr/lib/gcc/arm-none-eabi/14.2.1/../../../arm-none-eabi/lib/thumb/v7-m/nofp/libm.a
LOAD /usr/lib/gcc/arm-none-eabi/14.2.1/thumb/v7-m/nofp/libgcc.a

.ARM.attributes
                0x00000000       0x2f
 .ARM.attributes
                0x00000000       0x21 build/startup_stm32f10x_md.o
 .ARM.attributes
                0x00000021       0x2d build/system_stm32f10x.o
 .ARM.attributes
                0x0000004e       0x2d build/main.o

.comment        0x00000000       0x26
 .comment       0x00000000       0x26 build/system_stm32f10x.o
                                 0x27 (size before relaxing)
 .comment       0x00000026        0x0 build/main.o
                                 0x27 (size before relaxing)
