
Discarded input sections

 .text          0x00000000        0x0 build/main.o
 .data          0x00000000        0x0 build/main.o
 .bss           0x00000000        0x0 build/main.o
 .text.USART1_SendChar
                0x00000000       0x20 build/main.o
 .text.USART1_SendString
                0x00000000       0x2c build/main.o
 .text          0x00000000        0x0 build/system_stm32f10x.o
 .data          0x00000000        0x0 build/system_stm32f10x.o
 .bss           0x00000000        0x0 build/system_stm32f10x.o
 .text.SystemCoreClockUpdate
                0x00000000       0x5c build/system_stm32f10x.o
 .rodata.AHBPrescTable
                0x00000000       0x10 build/system_stm32f10x.o
 .data.SystemCoreClock
                0x00000000        0x4 build/system_stm32f10x.o
 .text          0x00000000        0x0 build/misc.o
 .data          0x00000000        0x0 build/misc.o
 .bss           0x00000000        0x0 build/misc.o
 .text.NVIC_PriorityGroupConfig
                0x00000000       0x14 build/misc.o
 .text.NVIC_SetVectorTable
                0x00000000       0x14 build/misc.o
 .text.NVIC_SystemLPConfig
                0x00000000       0x18 build/misc.o
 .text.SysTick_CLKSourceConfig
                0x00000000       0x18 build/misc.o
 .text          0x00000000        0x0 build/stm32f10x_adc.o
 .data          0x00000000        0x0 build/stm32f10x_adc.o
 .bss           0x00000000        0x0 build/stm32f10x_adc.o
 .text.ADC_DeInit
                0x00000000       0x6c build/stm32f10x_adc.o
 .text.ADC_Init
                0x00000000       0x4c build/stm32f10x_adc.o
 .text.ADC_StructInit
                0x00000000       0x10 build/stm32f10x_adc.o
 .text.ADC_Cmd  0x00000000       0x14 build/stm32f10x_adc.o
 .text.ADC_DMACmd
                0x00000000       0x14 build/stm32f10x_adc.o
 .text.ADC_ITConfig
                0x00000000       0x14 build/stm32f10x_adc.o
 .text.ADC_ResetCalibration
                0x00000000        0xc build/stm32f10x_adc.o
 .text.ADC_GetResetCalibrationStatus
                0x00000000        0x8 build/stm32f10x_adc.o
 .text.ADC_StartCalibration
                0x00000000        0xc build/stm32f10x_adc.o
 .text.ADC_GetCalibrationStatus
                0x00000000        0x8 build/stm32f10x_adc.o
 .text.ADC_SoftwareStartConvCmd
                0x00000000       0x14 build/stm32f10x_adc.o
 .text.ADC_GetSoftwareStartConvStatus
                0x00000000        0x8 build/stm32f10x_adc.o
 .text.ADC_DiscModeChannelCountConfig
                0x00000000       0x10 build/stm32f10x_adc.o
 .text.ADC_DiscModeCmd
                0x00000000       0x14 build/stm32f10x_adc.o
 .text.ADC_RegularChannelConfig
                0x00000000       0x9c build/stm32f10x_adc.o
 .text.ADC_ExternalTrigConvCmd
                0x00000000       0x14 build/stm32f10x_adc.o
 .text.ADC_GetConversionValue
                0x00000000        0x8 build/stm32f10x_adc.o
 .text.ADC_GetDualModeConversionValue
                0x00000000        0xc build/stm32f10x_adc.o
 .text.ADC_AutoInjectedConvCmd
                0x00000000       0x14 build/stm32f10x_adc.o
 .text.ADC_InjectedDiscModeCmd
                0x00000000       0x14 build/stm32f10x_adc.o
 .text.ADC_ExternalTrigInjectedConvConfig
                0x00000000        0xc build/stm32f10x_adc.o
 .text.ADC_ExternalTrigInjectedConvCmd
                0x00000000       0x14 build/stm32f10x_adc.o
 .text.ADC_SoftwareStartInjectedConvCmd
                0x00000000       0x14 build/stm32f10x_adc.o
 .text.ADC_GetSoftwareStartInjectedConvCmdStatus
                0x00000000        0x8 build/stm32f10x_adc.o
 .text.ADC_InjectedChannelConfig
                0x00000000       0x68 build/stm32f10x_adc.o
 .text.ADC_InjectedSequencerLengthConfig
                0x00000000       0x10 build/stm32f10x_adc.o
 .text.ADC_SetInjectedOffset
                0x00000000       0x18 build/stm32f10x_adc.o
 .text.ADC_GetInjectedConversionValue
                0x00000000       0x1c build/stm32f10x_adc.o
 .text.ADC_AnalogWatchdogCmd
                0x00000000       0x10 build/stm32f10x_adc.o
 .text.ADC_AnalogWatchdogThresholdsConfig
                0x00000000        0x8 build/stm32f10x_adc.o
 .text.ADC_AnalogWatchdogSingleChannelConfig
                0x00000000        0xc build/stm32f10x_adc.o
 .text.ADC_TempSensorVrefintCmd
                0x00000000       0x1c build/stm32f10x_adc.o
 .text.ADC_GetFlagStatus
                0x00000000        0xc build/stm32f10x_adc.o
 .text.ADC_ClearFlag
                0x00000000        0x8 build/stm32f10x_adc.o
 .text.ADC_GetITStatus
                0x00000000       0x18 build/stm32f10x_adc.o
 .text.ADC_ClearITPendingBit
                0x00000000        0x8 build/stm32f10x_adc.o
 .debug_info    0x00000000      0xc78 build/stm32f10x_adc.o
 .debug_abbrev  0x00000000      0x237 build/stm32f10x_adc.o
 .debug_loclists
                0x00000000      0x791 build/stm32f10x_adc.o
 .debug_aranges
                0x00000000      0x138 build/stm32f10x_adc.o
 .debug_rnglists
                0x00000000       0xe6 build/stm32f10x_adc.o
 .debug_line    0x00000000      0x9fa build/stm32f10x_adc.o
 .debug_str     0x00000000      0x6f5 build/stm32f10x_adc.o
 .comment       0x00000000       0x27 build/stm32f10x_adc.o
 .debug_frame   0x00000000      0x298 build/stm32f10x_adc.o
 .ARM.attributes
                0x00000000       0x2d build/stm32f10x_adc.o
 .text          0x00000000        0x0 build/stm32f10x_bkp.o
 .data          0x00000000        0x0 build/stm32f10x_bkp.o
 .bss           0x00000000        0x0 build/stm32f10x_bkp.o
 .text.BKP_DeInit
                0x00000000       0x14 build/stm32f10x_bkp.o
 .text.BKP_TamperPinLevelConfig
                0x00000000        0xc build/stm32f10x_bkp.o
 .text.BKP_TamperPinCmd
                0x00000000        0xc build/stm32f10x_bkp.o
 .text.BKP_ITConfig
                0x00000000        0xc build/stm32f10x_bkp.o
 .text.BKP_RTCOutputConfig
                0x00000000       0x18 build/stm32f10x_bkp.o
 .text.BKP_SetRTCCalibrationValue
                0x00000000       0x18 build/stm32f10x_bkp.o
 .text.BKP_WriteBackupRegister
                0x00000000       0x1c build/stm32f10x_bkp.o
 .text.BKP_ReadBackupRegister
                0x00000000       0x20 build/stm32f10x_bkp.o
 .text.BKP_GetFlagStatus
                0x00000000       0x10 build/stm32f10x_bkp.o
 .text.BKP_ClearFlag
                0x00000000       0x14 build/stm32f10x_bkp.o
 .text.BKP_GetITStatus
                0x00000000       0x10 build/stm32f10x_bkp.o
 .text.BKP_ClearITPendingBit
                0x00000000       0x14 build/stm32f10x_bkp.o
 .debug_info    0x00000000      0x78d build/stm32f10x_bkp.o
 .debug_abbrev  0x00000000      0x1d6 build/stm32f10x_bkp.o
 .debug_loclists
                0x00000000       0xa2 build/stm32f10x_bkp.o
 .debug_aranges
                0x00000000       0x78 build/stm32f10x_bkp.o
 .debug_rnglists
                0x00000000       0x55 build/stm32f10x_bkp.o
 .debug_line    0x00000000      0x2f1 build/stm32f10x_bkp.o
 .debug_str     0x00000000      0x5ab build/stm32f10x_bkp.o
 .comment       0x00000000       0x27 build/stm32f10x_bkp.o
 .debug_frame   0x00000000       0xec build/stm32f10x_bkp.o
 .ARM.attributes
                0x00000000       0x2d build/stm32f10x_bkp.o
 .text          0x00000000        0x0 build/stm32f10x_can.o
 .data          0x00000000        0x0 build/stm32f10x_can.o
 .bss           0x00000000        0x0 build/stm32f10x_can.o
 .text.CAN_DeInit
                0x00000000       0x3c build/stm32f10x_can.o
 .text.CAN_Init
                0x00000000       0xe4 build/stm32f10x_can.o
 .text.CAN_FilterInit
                0x00000000       0xec build/stm32f10x_can.o
 .text.CAN_StructInit
                0x00000000       0x18 build/stm32f10x_can.o
 .text.CAN_SlaveStartBank
                0x00000000       0x3c build/stm32f10x_can.o
 .text.CAN_DBGFreeze
                0x00000000       0x14 build/stm32f10x_can.o
 .text.CAN_TTComModeCmd
                0x00000000       0x5c build/stm32f10x_can.o
 .text.CAN_Transmit
                0x00000000       0xb0 build/stm32f10x_can.o
 .text.CAN_TransmitStatus
                0x00000000       0x60 build/stm32f10x_can.o
 .text.CAN_CancelTransmit
                0x00000000       0x28 build/stm32f10x_can.o
 .text.CAN_Receive
                0x00000000       0x9c build/stm32f10x_can.o
 .text.CAN_FIFORelease
                0x00000000       0x18 build/stm32f10x_can.o
 .text.CAN_MessagePending
                0x00000000       0x18 build/stm32f10x_can.o
 .text.CAN_OperatingModeRequest
                0x00000000       0xb4 build/stm32f10x_can.o
 .text.CAN_Sleep
                0x00000000       0x20 build/stm32f10x_can.o
 .text.CAN_WakeUp
                0x00000000       0x30 build/stm32f10x_can.o
 .text.CAN_GetLastErrorCode
                0x00000000        0x8 build/stm32f10x_can.o
 .text.CAN_GetReceiveErrorCounter
                0x00000000        0x8 build/stm32f10x_can.o
 .text.CAN_GetLSBTransmitErrorCounter
                0x00000000        0x8 build/stm32f10x_can.o
 .text.CAN_ITConfig
                0x00000000       0x14 build/stm32f10x_can.o
 .text.CAN_GetFlagStatus
                0x00000000       0x54 build/stm32f10x_can.o
 .text.CAN_ClearFlag
                0x00000000       0x30 build/stm32f10x_can.o
 .text.CAN_GetITStatus
                0x00000000       0xf4 build/stm32f10x_can.o
 .text.CAN_ClearITPendingBit
                0x00000000       0xa8 build/stm32f10x_can.o
 .debug_info    0x00000000      0xfb0 build/stm32f10x_can.o
 .debug_abbrev  0x00000000      0x300 build/stm32f10x_can.o
 .debug_loclists
                0x00000000      0x8dd build/stm32f10x_can.o
 .debug_aranges
                0x00000000       0xd8 build/stm32f10x_can.o
 .debug_rnglists
                0x00000000       0xb0 build/stm32f10x_can.o
 .debug_line    0x00000000      0xded build/stm32f10x_can.o
 .debug_str     0x00000000      0x728 build/stm32f10x_can.o
 .comment       0x00000000       0x27 build/stm32f10x_can.o
 .debug_frame   0x00000000      0x1d4 build/stm32f10x_can.o
 .ARM.attributes
                0x00000000       0x2d build/stm32f10x_can.o
 .text          0x00000000        0x0 build/stm32f10x_cec.o
 .data          0x00000000        0x0 build/stm32f10x_cec.o
 .bss           0x00000000        0x0 build/stm32f10x_cec.o
 .text.CEC_DeInit
                0x00000000       0x1c build/stm32f10x_cec.o
 .text.CEC_Init
                0x00000000       0x1c build/stm32f10x_cec.o
 .text.CEC_Cmd  0x00000000       0x18 build/stm32f10x_cec.o
 .text.CEC_ITConfig
                0x00000000        0xc build/stm32f10x_cec.o
 .text.CEC_OwnAddressConfig
                0x00000000        0xc build/stm32f10x_cec.o
 .text.CEC_SetPrescaler
                0x00000000        0xc build/stm32f10x_cec.o
 .text.CEC_SendDataByte
                0x00000000        0xc build/stm32f10x_cec.o
 .text.CEC_ReceiveDataByte
                0x00000000        0xc build/stm32f10x_cec.o
 .text.CEC_StartOfMessage
                0x00000000       0x10 build/stm32f10x_cec.o
 .text.CEC_EndOfMessageCmd
                0x00000000        0xc build/stm32f10x_cec.o
 .text.CEC_GetFlagStatus
                0x00000000       0x24 build/stm32f10x_cec.o
 .text.CEC_ClearFlag
                0x00000000       0x20 build/stm32f10x_cec.o
 .text.CEC_GetITStatus
                0x00000000       0x14 build/stm32f10x_cec.o
 .text.CEC_ClearITPendingBit
                0x00000000       0x20 build/stm32f10x_cec.o
 .debug_info    0x00000000      0x445 build/stm32f10x_cec.o
 .debug_abbrev  0x00000000      0x246 build/stm32f10x_cec.o
 .debug_loclists
                0x00000000      0x13e build/stm32f10x_cec.o
 .debug_aranges
                0x00000000       0x88 build/stm32f10x_cec.o
 .debug_rnglists
                0x00000000       0x61 build/stm32f10x_cec.o
 .debug_line    0x00000000      0x38e build/stm32f10x_cec.o
 .debug_str     0x00000000      0x370 build/stm32f10x_cec.o
 .comment       0x00000000       0x27 build/stm32f10x_cec.o
 .debug_frame   0x00000000      0x114 build/stm32f10x_cec.o
 .ARM.attributes
                0x00000000       0x2d build/stm32f10x_cec.o
 .text          0x00000000        0x0 build/stm32f10x_crc.o
 .data          0x00000000        0x0 build/stm32f10x_crc.o
 .bss           0x00000000        0x0 build/stm32f10x_crc.o
 .text.CRC_ResetDR
                0x00000000        0xc build/stm32f10x_crc.o
 .text.CRC_CalcCRC
                0x00000000        0xc build/stm32f10x_crc.o
 .text.CRC_CalcBlockCRC
                0x00000000       0x20 build/stm32f10x_crc.o
 .text.CRC_GetCRC
                0x00000000        0xc build/stm32f10x_crc.o
 .text.CRC_SetIDRegister
                0x00000000        0xc build/stm32f10x_crc.o
 .text.CRC_GetIDRegister
                0x00000000        0xc build/stm32f10x_crc.o
 .debug_info    0x00000000      0x1d0 build/stm32f10x_crc.o
 .debug_abbrev  0x00000000      0x137 build/stm32f10x_crc.o
 .debug_loclists
                0x00000000       0x70 build/stm32f10x_crc.o
 .debug_aranges
                0x00000000       0x48 build/stm32f10x_crc.o
 .debug_rnglists
                0x00000000       0x31 build/stm32f10x_crc.o
 .debug_line    0x00000000      0x1ad build/stm32f10x_crc.o
 .debug_str     0x00000000      0x21e build/stm32f10x_crc.o
 .comment       0x00000000       0x27 build/stm32f10x_crc.o
 .debug_frame   0x00000000       0x70 build/stm32f10x_crc.o
 .ARM.attributes
                0x00000000       0x2d build/stm32f10x_crc.o
 .text          0x00000000        0x0 build/stm32f10x_dac.o
 .data          0x00000000        0x0 build/stm32f10x_dac.o
 .bss           0x00000000        0x0 build/stm32f10x_dac.o
 .text.DAC_DeInit
                0x00000000       0x1c build/stm32f10x_dac.o
 .text.DAC_Init
                0x00000000       0x2c build/stm32f10x_dac.o
 .text.DAC_StructInit
                0x00000000        0xc build/stm32f10x_dac.o
 .text.DAC_Cmd  0x00000000       0x20 build/stm32f10x_dac.o
 .text.DAC_DMACmd
                0x00000000       0x24 build/stm32f10x_dac.o
 .text.DAC_SoftwareTriggerCmd
                0x00000000       0x24 build/stm32f10x_dac.o
 .text.DAC_DualSoftwareTriggerCmd
                0x00000000       0x1c build/stm32f10x_dac.o
 .text.DAC_WaveGenerationCmd
                0x00000000       0x20 build/stm32f10x_dac.o
 .text.DAC_SetChannel1Data
                0x00000000       0x20 build/stm32f10x_dac.o
 .text.DAC_SetChannel2Data
                0x00000000       0x20 build/stm32f10x_dac.o
 .text.DAC_SetDualChannelData
                0x00000000       0x18 build/stm32f10x_dac.o
 .text.DAC_GetDataOutputValue
                0x00000000       0x24 build/stm32f10x_dac.o
 .debug_info    0x00000000      0x4d8 build/stm32f10x_dac.o
 .debug_abbrev  0x00000000      0x214 build/stm32f10x_dac.o
 .debug_loclists
                0x00000000      0x214 build/stm32f10x_dac.o
 .debug_aranges
                0x00000000       0x78 build/stm32f10x_dac.o
 .debug_rnglists
                0x00000000       0x55 build/stm32f10x_dac.o
 .debug_line    0x00000000      0x3e3 build/stm32f10x_dac.o
 .debug_str     0x00000000      0x3a9 build/stm32f10x_dac.o
 .comment       0x00000000       0x27 build/stm32f10x_dac.o
 .debug_frame   0x00000000      0x100 build/stm32f10x_dac.o
 .ARM.attributes
                0x00000000       0x2d build/stm32f10x_dac.o
 .text          0x00000000        0x0 build/stm32f10x_dbgmcu.o
 .data          0x00000000        0x0 build/stm32f10x_dbgmcu.o
 .bss           0x00000000        0x0 build/stm32f10x_dbgmcu.o
 .text.DBGMCU_GetREVID
                0x00000000        0xc build/stm32f10x_dbgmcu.o
 .text.DBGMCU_GetDEVID
                0x00000000       0x10 build/stm32f10x_dbgmcu.o
 .text.DBGMCU_Config
                0x00000000       0x18 build/stm32f10x_dbgmcu.o
 .debug_info    0x00000000      0x131 build/stm32f10x_dbgmcu.o
 .debug_abbrev  0x00000000       0xe7 build/stm32f10x_dbgmcu.o
 .debug_aranges
                0x00000000       0x30 build/stm32f10x_dbgmcu.o
 .debug_rnglists
                0x00000000       0x1f build/stm32f10x_dbgmcu.o
 .debug_line    0x00000000      0x139 build/stm32f10x_dbgmcu.o
 .debug_str     0x00000000      0x1ea build/stm32f10x_dbgmcu.o
 .comment       0x00000000       0x27 build/stm32f10x_dbgmcu.o
 .debug_frame   0x00000000       0x40 build/stm32f10x_dbgmcu.o
 .ARM.attributes
                0x00000000       0x2d build/stm32f10x_dbgmcu.o
 .text          0x00000000        0x0 build/stm32f10x_dma.o
 .data          0x00000000        0x0 build/stm32f10x_dma.o
 .bss           0x00000000        0x0 build/stm32f10x_dma.o
 .text.DMA_DeInit
                0x00000000      0x128 build/stm32f10x_dma.o
 .text.DMA_Init
                0x00000000       0x3c build/stm32f10x_dma.o
 .text.DMA_StructInit
                0x00000000       0x1c build/stm32f10x_dma.o
 .text.DMA_Cmd  0x00000000       0x18 build/stm32f10x_dma.o
 .text.DMA_ITConfig
                0x00000000       0x14 build/stm32f10x_dma.o
 .text.DMA_SetCurrDataCounter
                0x00000000        0x4 build/stm32f10x_dma.o
 .text.DMA_GetCurrDataCounter
                0x00000000        0x8 build/stm32f10x_dma.o
 .text.DMA_GetFlagStatus
                0x00000000       0x1c build/stm32f10x_dma.o
 .text.DMA_ClearFlag
                0x00000000       0x14 build/stm32f10x_dma.o
 .text.DMA_GetITStatus
                0x00000000       0x1c build/stm32f10x_dma.o
 .text.DMA_ClearITPendingBit
                0x00000000       0x14 build/stm32f10x_dma.o
 .debug_info    0x00000000      0x439 build/stm32f10x_dma.o
 .debug_abbrev  0x00000000      0x235 build/stm32f10x_dma.o
 .debug_loclists
                0x00000000       0xb0 build/stm32f10x_dma.o
 .debug_aranges
                0x00000000       0x70 build/stm32f10x_dma.o
 .debug_rnglists
                0x00000000       0x50 build/stm32f10x_dma.o
 .debug_line    0x00000000      0x469 build/stm32f10x_dma.o
 .debug_str     0x00000000      0x3a4 build/stm32f10x_dma.o
 .comment       0x00000000       0x27 build/stm32f10x_dma.o
 .debug_frame   0x00000000       0xcc build/stm32f10x_dma.o
 .ARM.attributes
                0x00000000       0x2d build/stm32f10x_dma.o
 .text          0x00000000        0x0 build/stm32f10x_exti.o
 .data          0x00000000        0x0 build/stm32f10x_exti.o
 .bss           0x00000000        0x0 build/stm32f10x_exti.o
 .text.EXTI_DeInit
                0x00000000       0x1c build/stm32f10x_exti.o
 .text.EXTI_Init
                0x00000000       0x70 build/stm32f10x_exti.o
 .text.EXTI_StructInit
                0x00000000       0x10 build/stm32f10x_exti.o
 .text.EXTI_GenerateSWInterrupt
                0x00000000       0x10 build/stm32f10x_exti.o
 .text.EXTI_GetFlagStatus
                0x00000000       0x14 build/stm32f10x_exti.o
 .text.EXTI_ClearFlag
                0x00000000        0xc build/stm32f10x_exti.o
 .text.EXTI_GetITStatus
                0x00000000       0x1c build/stm32f10x_exti.o
 .text.EXTI_ClearITPendingBit
                0x00000000        0xc build/stm32f10x_exti.o
 .debug_info    0x00000000      0x32f build/stm32f10x_exti.o
 .debug_abbrev  0x00000000      0x1e3 build/stm32f10x_exti.o
 .debug_loclists
                0x00000000      0x165 build/stm32f10x_exti.o
 .debug_aranges
                0x00000000       0x58 build/stm32f10x_exti.o
 .debug_rnglists
                0x00000000       0x3d build/stm32f10x_exti.o
 .debug_line    0x00000000      0x302 build/stm32f10x_exti.o
 .debug_str     0x00000000      0x341 build/stm32f10x_exti.o
 .comment       0x00000000       0x27 build/stm32f10x_exti.o
 .debug_frame   0x00000000       0xac build/stm32f10x_exti.o
 .ARM.attributes
                0x00000000       0x2d build/stm32f10x_exti.o
 .text          0x00000000        0x0 build/stm32f10x_flash.o
 .data          0x00000000        0x0 build/stm32f10x_flash.o
 .bss           0x00000000        0x0 build/stm32f10x_flash.o
 .text.FLASH_SetLatency
                0x00000000       0x14 build/stm32f10x_flash.o
 .text.FLASH_HalfCycleAccessCmd
                0x00000000       0x18 build/stm32f10x_flash.o
 .text.FLASH_PrefetchBufferCmd
                0x00000000       0x18 build/stm32f10x_flash.o
 .text.FLASH_Unlock
                0x00000000       0x18 build/stm32f10x_flash.o
 .text.FLASH_UnlockBank1
                0x00000000       0x18 build/stm32f10x_flash.o
 .text.FLASH_Lock
                0x00000000       0x10 build/stm32f10x_flash.o
 .text.FLASH_LockBank1
                0x00000000       0x10 build/stm32f10x_flash.o
 .text.FLASH_ErasePage
                0x00000000       0xc4 build/stm32f10x_flash.o
 .text.FLASH_EraseAllPages
                0x00000000       0xc4 build/stm32f10x_flash.o
 .text.FLASH_EraseAllBank1Pages
                0x00000000       0xc4 build/stm32f10x_flash.o
 .text.FLASH_EraseOptionBytes
                0x00000000      0x138 build/stm32f10x_flash.o
 .text.FLASH_ProgramWord
                0x00000000      0x124 build/stm32f10x_flash.o
 .text.FLASH_ProgramHalfWord
                0x00000000       0xc8 build/stm32f10x_flash.o
 .text.FLASH_ProgramOptionByteData
                0x00000000       0xd4 build/stm32f10x_flash.o
 .text.FLASH_EnableWriteProtection
                0x00000000      0x1bc build/stm32f10x_flash.o
 .text.FLASH_ReadOutProtection
                0x00000000      0x150 build/stm32f10x_flash.o
 .text.FLASH_UserOptionByteConfig
                0x00000000       0xe0 build/stm32f10x_flash.o
 .text.FLASH_GetUserOptionByte
                0x00000000        0xc build/stm32f10x_flash.o
 .text.FLASH_GetWriteProtectionOptionByte
                0x00000000        0xc build/stm32f10x_flash.o
 .text.FLASH_GetReadOutProtectionStatus
                0x00000000       0x10 build/stm32f10x_flash.o
 .text.FLASH_GetPrefetchBufferStatus
                0x00000000       0x10 build/stm32f10x_flash.o
 .text.FLASH_ITConfig
                0x00000000       0x18 build/stm32f10x_flash.o
 .text.FLASH_GetFlagStatus
                0x00000000       0x20 build/stm32f10x_flash.o
 .text.FLASH_ClearFlag
                0x00000000        0xc build/stm32f10x_flash.o
 .text.FLASH_GetStatus
                0x00000000       0x28 build/stm32f10x_flash.o
 .text.FLASH_GetBank1Status
                0x00000000       0x28 build/stm32f10x_flash.o
 .text.FLASH_WaitForLastOperation
                0x00000000       0x48 build/stm32f10x_flash.o
 .text.FLASH_WaitForLastBank1Operation
                0x00000000        0x4 build/stm32f10x_flash.o
 .debug_info    0x00000000     0x1aaf build/stm32f10x_flash.o
 .debug_abbrev  0x00000000      0x2d1 build/stm32f10x_flash.o
 .debug_loclists
                0x00000000     0x254a build/stm32f10x_flash.o
 .debug_aranges
                0x00000000       0xf8 build/stm32f10x_flash.o
 .debug_rnglists
                0x00000000      0x756 build/stm32f10x_flash.o
 .debug_line    0x00000000     0x1f2e build/stm32f10x_flash.o
 .debug_str     0x00000000      0x5cb build/stm32f10x_flash.o
 .comment       0x00000000       0x27 build/stm32f10x_flash.o
 .debug_frame   0x00000000      0x270 build/stm32f10x_flash.o
 .ARM.attributes
                0x00000000       0x2d build/stm32f10x_flash.o
 .text          0x00000000        0x0 build/stm32f10x_fsmc.o
 .data          0x00000000        0x0 build/stm32f10x_fsmc.o
 .bss           0x00000000        0x0 build/stm32f10x_fsmc.o
 .text.FSMC_NORSRAMDeInit
                0x00000000       0x28 build/stm32f10x_fsmc.o
 .text.FSMC_NANDDeInit
                0x00000000       0x30 build/stm32f10x_fsmc.o
 .text.FSMC_PCCARDDeInit
                0x00000000       0x24 build/stm32f10x_fsmc.o
 .text.FSMC_NORSRAMInit
                0x00000000       0xb4 build/stm32f10x_fsmc.o
 .text.FSMC_NANDInit
                0x00000000       0x78 build/stm32f10x_fsmc.o
 .text.FSMC_PCCARDInit
                0x00000000       0x70 build/stm32f10x_fsmc.o
 .text.FSMC_NORSRAMStructInit
                0x00000000       0x50 build/stm32f10x_fsmc.o
 .text.FSMC_NANDStructInit
                0x00000000       0x30 build/stm32f10x_fsmc.o
 .text.FSMC_PCCARDStructInit
                0x00000000       0x30 build/stm32f10x_fsmc.o
 .text.FSMC_NORSRAMCmd
                0x00000000       0x28 build/stm32f10x_fsmc.o
 .text.FSMC_NANDCmd
                0x00000000       0x40 build/stm32f10x_fsmc.o
 .text.FSMC_PCCARDCmd
                0x00000000       0x28 build/stm32f10x_fsmc.o
 .text.FSMC_NANDECCCmd
                0x00000000       0x40 build/stm32f10x_fsmc.o
 .text.FSMC_GetECC
                0x00000000       0x10 build/stm32f10x_fsmc.o
 .text.FSMC_ITConfig
                0x00000000       0x64 build/stm32f10x_fsmc.o
 .text.FSMC_GetFlagStatus
                0x00000000       0x24 build/stm32f10x_fsmc.o
 .text.FSMC_ClearFlag
                0x00000000       0x34 build/stm32f10x_fsmc.o
 .text.FSMC_GetITStatus
                0x00000000       0x2c build/stm32f10x_fsmc.o
 .text.FSMC_ClearITPendingBit
                0x00000000       0x34 build/stm32f10x_fsmc.o
 .debug_info    0x00000000      0x90c build/stm32f10x_fsmc.o
 .debug_abbrev  0x00000000      0x1ca build/stm32f10x_fsmc.o
 .debug_loclists
                0x00000000      0x369 build/stm32f10x_fsmc.o
 .debug_aranges
                0x00000000       0xb0 build/stm32f10x_fsmc.o
 .debug_rnglists
                0x00000000       0x80 build/stm32f10x_fsmc.o
 .debug_line    0x00000000      0x94f build/stm32f10x_fsmc.o
 .debug_str     0x00000000      0x767 build/stm32f10x_fsmc.o
 .comment       0x00000000       0x27 build/stm32f10x_fsmc.o
 .debug_frame   0x00000000      0x1a0 build/stm32f10x_fsmc.o
 .ARM.attributes
                0x00000000       0x2d build/stm32f10x_fsmc.o
 .text          0x00000000        0x0 build/stm32f10x_gpio.o
 .data          0x00000000        0x0 build/stm32f10x_gpio.o
 .bss           0x00000000        0x0 build/stm32f10x_gpio.o
 .text.GPIO_DeInit
                0x00000000       0xdc build/stm32f10x_gpio.o
 .text.GPIO_AFIODeInit
                0x00000000       0x18 build/stm32f10x_gpio.o
 .text.GPIO_StructInit
                0x00000000       0x10 build/stm32f10x_gpio.o
 .text.GPIO_ReadInputDataBit
                0x00000000        0xc build/stm32f10x_gpio.o
 .text.GPIO_ReadInputData
                0x00000000        0x8 build/stm32f10x_gpio.o
 .text.GPIO_ReadOutputDataBit
                0x00000000        0xc build/stm32f10x_gpio.o
 .text.GPIO_ReadOutputData
                0x00000000        0x8 build/stm32f10x_gpio.o
 .text.GPIO_SetBits
                0x00000000        0x4 build/stm32f10x_gpio.o
 .text.GPIO_ResetBits
                0x00000000        0x4 build/stm32f10x_gpio.o
 .text.GPIO_WriteBit
                0x00000000        0xc build/stm32f10x_gpio.o
 .text.GPIO_Write
                0x00000000        0x4 build/stm32f10x_gpio.o
 .text.GPIO_PinLockConfig
                0x00000000       0x10 build/stm32f10x_gpio.o
 .text.GPIO_EventOutputConfig
                0x00000000       0x1c build/stm32f10x_gpio.o
 .text.GPIO_EventOutputCmd
                0x00000000        0xc build/stm32f10x_gpio.o
 .text.GPIO_PinRemapConfig
                0x00000000       0x70 build/stm32f10x_gpio.o
 .text.GPIO_EXTILineConfig
                0x00000000       0x2c build/stm32f10x_gpio.o
 .text.GPIO_ETH_MediaInterfaceConfig
                0x00000000        0xc build/stm32f10x_gpio.o
 .text          0x00000000        0x0 build/stm32f10x_i2c.o
 .data          0x00000000        0x0 build/stm32f10x_i2c.o
 .bss           0x00000000        0x0 build/stm32f10x_i2c.o
 .text.I2C_DeInit
                0x00000000       0x3c build/stm32f10x_i2c.o
 .text.I2C_Init
                0x00000000       0xdc build/stm32f10x_i2c.o
 .text.I2C_StructInit
                0x00000000       0x20 build/stm32f10x_i2c.o
 .text.I2C_Cmd  0x00000000       0x1c build/stm32f10x_i2c.o
 .text.I2C_DMACmd
                0x00000000       0x1c build/stm32f10x_i2c.o
 .text.I2C_DMALastTransferCmd
                0x00000000       0x1c build/stm32f10x_i2c.o
 .text.I2C_GenerateSTART
                0x00000000       0x1c build/stm32f10x_i2c.o
 .text.I2C_GenerateSTOP
                0x00000000       0x1c build/stm32f10x_i2c.o
 .text.I2C_AcknowledgeConfig
                0x00000000       0x1c build/stm32f10x_i2c.o
 .text.I2C_OwnAddress2Config
                0x00000000       0x14 build/stm32f10x_i2c.o
 .text.I2C_DualAddressCmd
                0x00000000       0x1c build/stm32f10x_i2c.o
 .text.I2C_GeneralCallCmd
                0x00000000       0x1c build/stm32f10x_i2c.o
 .text.I2C_ITConfig
                0x00000000       0x14 build/stm32f10x_i2c.o
 .text.I2C_SendData
                0x00000000        0x4 build/stm32f10x_i2c.o
 .text.I2C_ReceiveData
                0x00000000        0x8 build/stm32f10x_i2c.o
 .text.I2C_Send7bitAddress
                0x00000000       0x14 build/stm32f10x_i2c.o
 .text.I2C_ReadRegister
                0x00000000       0x18 build/stm32f10x_i2c.o
 .text.I2C_SoftwareResetCmd
                0x00000000       0x1c build/stm32f10x_i2c.o
 .text.I2C_NACKPositionConfig
                0x00000000       0x20 build/stm32f10x_i2c.o
 .text.I2C_SMBusAlertConfig
                0x00000000       0x20 build/stm32f10x_i2c.o
 .text.I2C_TransmitPEC
                0x00000000       0x1c build/stm32f10x_i2c.o
 .text.I2C_PECPositionConfig
                0x00000000       0x20 build/stm32f10x_i2c.o
 .text.I2C_CalculatePEC
                0x00000000       0x1c build/stm32f10x_i2c.o
 .text.I2C_GetPEC
                0x00000000        0x8 build/stm32f10x_i2c.o
 .text.I2C_ARPCmd
                0x00000000       0x1c build/stm32f10x_i2c.o
 .text.I2C_StretchClockCmd
                0x00000000       0x1c build/stm32f10x_i2c.o
 .text.I2C_FastModeDutyCycleConfig
                0x00000000       0x20 build/stm32f10x_i2c.o
 .text.I2C_CheckEvent
                0x00000000       0x1c build/stm32f10x_i2c.o
 .text.I2C_GetLastEvent
                0x00000000       0x10 build/stm32f10x_i2c.o
 .text.I2C_GetFlagStatus
                0x00000000       0x38 build/stm32f10x_i2c.o
 .text.I2C_ClearFlag
                0x00000000        0x8 build/stm32f10x_i2c.o
 .text.I2C_GetITStatus
                0x00000000       0x1c build/stm32f10x_i2c.o
 .text.I2C_ClearITPendingBit
                0x00000000        0x8 build/stm32f10x_i2c.o
 .debug_info    0x00000000      0xbb2 build/stm32f10x_i2c.o
 .debug_abbrev  0x00000000      0x2b1 build/stm32f10x_i2c.o
 .debug_loclists
                0x00000000      0x558 build/stm32f10x_i2c.o
 .debug_aranges
                0x00000000      0x120 build/stm32f10x_i2c.o
 .debug_rnglists
                0x00000000       0xd4 build/stm32f10x_i2c.o
 .debug_line    0x00000000      0x8f6 build/stm32f10x_i2c.o
 .debug_str     0x00000000      0x672 build/stm32f10x_i2c.o
 .comment       0x00000000       0x27 build/stm32f10x_i2c.o
 .debug_frame   0x00000000      0x26c build/stm32f10x_i2c.o
 .ARM.attributes
                0x00000000       0x2d build/stm32f10x_i2c.o
 .text          0x00000000        0x0 build/stm32f10x_iwdg.o
 .data          0x00000000        0x0 build/stm32f10x_iwdg.o
 .bss           0x00000000        0x0 build/stm32f10x_iwdg.o
 .text.IWDG_WriteAccessCmd
                0x00000000        0xc build/stm32f10x_iwdg.o
 .text.IWDG_SetPrescaler
                0x00000000        0xc build/stm32f10x_iwdg.o
 .text.IWDG_SetReload
                0x00000000        0xc build/stm32f10x_iwdg.o
 .text.IWDG_ReloadCounter
                0x00000000       0x10 build/stm32f10x_iwdg.o
 .text.IWDG_Enable
                0x00000000       0x10 build/stm32f10x_iwdg.o
 .text.IWDG_GetFlagStatus
                0x00000000       0x14 build/stm32f10x_iwdg.o
 .debug_info    0x00000000      0x1c6 build/stm32f10x_iwdg.o
 .debug_abbrev  0x00000000      0x140 build/stm32f10x_iwdg.o
 .debug_loclists
                0x00000000       0x4c build/stm32f10x_iwdg.o
 .debug_aranges
                0x00000000       0x48 build/stm32f10x_iwdg.o
 .debug_rnglists
                0x00000000       0x31 build/stm32f10x_iwdg.o
 .debug_line    0x00000000      0x189 build/stm32f10x_iwdg.o
 .debug_str     0x00000000      0x23f build/stm32f10x_iwdg.o
 .comment       0x00000000       0x27 build/stm32f10x_iwdg.o
 .debug_frame   0x00000000       0x70 build/stm32f10x_iwdg.o
 .ARM.attributes
                0x00000000       0x2d build/stm32f10x_iwdg.o
 .text          0x00000000        0x0 build/stm32f10x_pwr.o
 .data          0x00000000        0x0 build/stm32f10x_pwr.o
 .bss           0x00000000        0x0 build/stm32f10x_pwr.o
 .text.PWR_DeInit
                0x00000000       0x1c build/stm32f10x_pwr.o
 .text.PWR_BackupAccessCmd
                0x00000000        0xc build/stm32f10x_pwr.o
 .text.PWR_PVDCmd
                0x00000000        0xc build/stm32f10x_pwr.o
 .text.PWR_PVDLevelConfig
                0x00000000       0x14 build/stm32f10x_pwr.o
 .text.PWR_WakeUpPinCmd
                0x00000000        0xc build/stm32f10x_pwr.o
 .text.PWR_EnterSTOPMode
                0x00000000       0x3c build/stm32f10x_pwr.o
 .text.PWR_EnterSTANDBYMode
                0x00000000       0x20 build/stm32f10x_pwr.o
 .text.PWR_GetFlagStatus
                0x00000000       0x14 build/stm32f10x_pwr.o
 .text.PWR_ClearFlag
                0x00000000       0x10 build/stm32f10x_pwr.o
 .debug_info    0x00000000      0x464 build/stm32f10x_pwr.o
 .debug_abbrev  0x00000000      0x204 build/stm32f10x_pwr.o
 .debug_loclists
                0x00000000       0x8c build/stm32f10x_pwr.o
 .debug_aranges
                0x00000000       0x60 build/stm32f10x_pwr.o
 .debug_rnglists
                0x00000000       0x43 build/stm32f10x_pwr.o
 .debug_line    0x00000000      0x30b build/stm32f10x_pwr.o
 .debug_str     0x00000000      0x30c build/stm32f10x_pwr.o
 .comment       0x00000000       0x27 build/stm32f10x_pwr.o
 .debug_frame   0x00000000       0xb8 build/stm32f10x_pwr.o
 .ARM.attributes
                0x00000000       0x2d build/stm32f10x_pwr.o
 .text          0x00000000        0x0 build/stm32f10x_rcc.o
 .data          0x00000000        0x0 build/stm32f10x_rcc.o
 .bss           0x00000000        0x0 build/stm32f10x_rcc.o
 .text.RCC_DeInit
                0x00000000       0x40 build/stm32f10x_rcc.o
 .text.RCC_HSEConfig
                0x00000000       0x38 build/stm32f10x_rcc.o
 .text.RCC_WaitForHSEStartUp
                0x00000000       0x34 build/stm32f10x_rcc.o
 .text.RCC_AdjustHSICalibrationValue
                0x00000000       0x14 build/stm32f10x_rcc.o
 .text.RCC_HSICmd
                0x00000000        0xc build/stm32f10x_rcc.o
 .text.RCC_PLLConfig
                0x00000000       0x14 build/stm32f10x_rcc.o
 .text.RCC_PLLCmd
                0x00000000        0xc build/stm32f10x_rcc.o
 .text.RCC_SYSCLKConfig
                0x00000000       0x14 build/stm32f10x_rcc.o
 .text.RCC_GetSYSCLKSource
                0x00000000       0x10 build/stm32f10x_rcc.o
 .text.RCC_HCLKConfig
                0x00000000       0x14 build/stm32f10x_rcc.o
 .text.RCC_PCLK1Config
                0x00000000       0x14 build/stm32f10x_rcc.o
 .text.RCC_PCLK2Config
                0x00000000       0x14 build/stm32f10x_rcc.o
 .text.RCC_ITConfig
                0x00000000       0x18 build/stm32f10x_rcc.o
 .text.RCC_USBCLKConfig
                0x00000000        0xc build/stm32f10x_rcc.o
 .text.RCC_ADCCLKConfig
                0x00000000       0x14 build/stm32f10x_rcc.o
 .text.RCC_LSEConfig
                0x00000000       0x28 build/stm32f10x_rcc.o
 .text.RCC_LSICmd
                0x00000000        0xc build/stm32f10x_rcc.o
 .text.RCC_RTCCLKConfig
                0x00000000       0x10 build/stm32f10x_rcc.o
 .text.RCC_RTCCLKCmd
                0x00000000        0xc build/stm32f10x_rcc.o
 .text.RCC_AHBPeriphClockCmd
                0x00000000       0x18 build/stm32f10x_rcc.o
 .text.RCC_APB1PeriphClockCmd
                0x00000000       0x18 build/stm32f10x_rcc.o
 .text.RCC_APB2PeriphResetCmd
                0x00000000       0x18 build/stm32f10x_rcc.o
 .text.RCC_APB1PeriphResetCmd
                0x00000000       0x18 build/stm32f10x_rcc.o
 .text.RCC_BackupResetCmd
                0x00000000        0xc build/stm32f10x_rcc.o
 .text.RCC_ClockSecuritySystemCmd
                0x00000000        0xc build/stm32f10x_rcc.o
 .text.RCC_MCOConfig
                0x00000000        0xc build/stm32f10x_rcc.o
 .text.RCC_GetFlagStatus
                0x00000000       0x34 build/stm32f10x_rcc.o
 .text.RCC_ClearFlag
                0x00000000       0x10 build/stm32f10x_rcc.o
 .text.RCC_GetITStatus
                0x00000000       0x14 build/stm32f10x_rcc.o
 .text.RCC_ClearITPendingBit
                0x00000000        0xc build/stm32f10x_rcc.o
 .text          0x00000000        0x0 build/stm32f10x_rtc.o
 .data          0x00000000        0x0 build/stm32f10x_rtc.o
 .bss           0x00000000        0x0 build/stm32f10x_rtc.o
 .text.RTC_ITConfig
                0x00000000       0x1c build/stm32f10x_rtc.o
 .text.RTC_EnterConfigMode
                0x00000000       0x14 build/stm32f10x_rtc.o
 .text.RTC_ExitConfigMode
                0x00000000       0x14 build/stm32f10x_rtc.o
 .text.RTC_GetCounter
                0x00000000       0x24 build/stm32f10x_rtc.o
 .text.RTC_SetCounter
                0x00000000       0x28 build/stm32f10x_rtc.o
 .text.RTC_SetPrescaler
                0x00000000       0x28 build/stm32f10x_rtc.o
 .text.RTC_SetAlarm
                0x00000000       0x28 build/stm32f10x_rtc.o
 .text.RTC_GetDivider
                0x00000000       0x18 build/stm32f10x_rtc.o
 .text.RTC_WaitForLastTask
                0x00000000       0x10 build/stm32f10x_rtc.o
 .text.RTC_WaitForSynchro
                0x00000000       0x1c build/stm32f10x_rtc.o
 .text.RTC_GetFlagStatus
                0x00000000       0x14 build/stm32f10x_rtc.o
 .text.RTC_ClearFlag
                0x00000000       0x14 build/stm32f10x_rtc.o
 .text.RTC_GetITStatus
                0x00000000       0x20 build/stm32f10x_rtc.o
 .text.RTC_ClearITPendingBit
                0x00000000       0x14 build/stm32f10x_rtc.o
 .debug_info    0x00000000      0x4b3 build/stm32f10x_rtc.o
 .debug_abbrev  0x00000000      0x22b build/stm32f10x_rtc.o
 .debug_loclists
                0x00000000      0x17a build/stm32f10x_rtc.o
 .debug_aranges
                0x00000000       0x88 build/stm32f10x_rtc.o
 .debug_rnglists
                0x00000000       0x61 build/stm32f10x_rtc.o
 .debug_line    0x00000000      0x3bc build/stm32f10x_rtc.o
 .debug_str     0x00000000      0x391 build/stm32f10x_rtc.o
 .comment       0x00000000       0x27 build/stm32f10x_rtc.o
 .debug_frame   0x00000000       0xf0 build/stm32f10x_rtc.o
 .ARM.attributes
                0x00000000       0x2d build/stm32f10x_rtc.o
 .text          0x00000000        0x0 build/stm32f10x_sdio.o
 .data          0x00000000        0x0 build/stm32f10x_sdio.o
 .bss           0x00000000        0x0 build/stm32f10x_sdio.o
 .text.SDIO_DeInit
                0x00000000       0x24 build/stm32f10x_sdio.o
 .text.SDIO_Init
                0x00000000       0x30 build/stm32f10x_sdio.o
 .text.SDIO_StructInit
                0x00000000       0x10 build/stm32f10x_sdio.o
 .text.SDIO_ClockCmd
                0x00000000        0xc build/stm32f10x_sdio.o
 .text.SDIO_SetPowerState
                0x00000000        0xc build/stm32f10x_sdio.o
 .text.SDIO_GetPowerState
                0x00000000       0x10 build/stm32f10x_sdio.o
 .text.SDIO_ITConfig
                0x00000000       0x18 build/stm32f10x_sdio.o
 .text.SDIO_DMACmd
                0x00000000        0xc build/stm32f10x_sdio.o
 .text.SDIO_SendCommand
                0x00000000       0x28 build/stm32f10x_sdio.o
 .text.SDIO_CmdStructInit
                0x00000000       0x10 build/stm32f10x_sdio.o
 .text.SDIO_GetCommandResponse
                0x00000000        0xc build/stm32f10x_sdio.o
 .text.SDIO_GetResponse
                0x00000000       0x18 build/stm32f10x_sdio.o
 .text.SDIO_DataConfig
                0x00000000       0x2c build/stm32f10x_sdio.o
 .text.SDIO_DataStructInit
                0x00000000       0x14 build/stm32f10x_sdio.o
 .text.SDIO_GetDataCounter
                0x00000000        0xc build/stm32f10x_sdio.o
 .text.SDIO_ReadData
                0x00000000        0xc build/stm32f10x_sdio.o
 .text.SDIO_WriteData
                0x00000000        0xc build/stm32f10x_sdio.o
 .text.SDIO_GetFIFOCount
                0x00000000        0xc build/stm32f10x_sdio.o
 .text.SDIO_StartSDIOReadWait
                0x00000000        0xc build/stm32f10x_sdio.o
 .text.SDIO_StopSDIOReadWait
                0x00000000        0xc build/stm32f10x_sdio.o
 .text.SDIO_SetSDIOReadWaitMode
                0x00000000        0xc build/stm32f10x_sdio.o
 .text.SDIO_SetSDIOOperation
                0x00000000        0xc build/stm32f10x_sdio.o
 .text.SDIO_SendSDIOSuspendCmd
                0x00000000        0xc build/stm32f10x_sdio.o
 .text.SDIO_CommandCompletionCmd
                0x00000000        0xc build/stm32f10x_sdio.o
 .text.SDIO_CEATAITCmd
                0x00000000       0x14 build/stm32f10x_sdio.o
 .text.SDIO_SendCEATACmd
                0x00000000        0xc build/stm32f10x_sdio.o
 .text.SDIO_GetFlagStatus
                0x00000000       0x14 build/stm32f10x_sdio.o
 .text.SDIO_ClearFlag
                0x00000000        0xc build/stm32f10x_sdio.o
 .text.SDIO_GetITStatus
                0x00000000       0x14 build/stm32f10x_sdio.o
 .text.SDIO_ClearITPendingBit
                0x00000000        0xc build/stm32f10x_sdio.o
 .debug_info    0x00000000      0x7c2 build/stm32f10x_sdio.o
 .debug_abbrev  0x00000000      0x2a7 build/stm32f10x_sdio.o
 .debug_loclists
                0x00000000      0x161 build/stm32f10x_sdio.o
 .debug_aranges
                0x00000000      0x108 build/stm32f10x_sdio.o
 .debug_rnglists
                0x00000000       0xc1 build/stm32f10x_sdio.o
 .debug_line    0x00000000      0x5b5 build/stm32f10x_sdio.o
 .debug_str     0x00000000      0x61e build/stm32f10x_sdio.o
 .comment       0x00000000       0x27 build/stm32f10x_sdio.o
 .debug_frame   0x00000000      0x21c build/stm32f10x_sdio.o
 .ARM.attributes
                0x00000000       0x2d build/stm32f10x_sdio.o
 .text          0x00000000        0x0 build/stm32f10x_spi.o
 .data          0x00000000        0x0 build/stm32f10x_spi.o
 .bss           0x00000000        0x0 build/stm32f10x_spi.o
 .text.SPI_I2S_DeInit
                0x00000000       0x6c build/stm32f10x_spi.o
 .text.SPI_Init
                0x00000000       0x54 build/stm32f10x_spi.o
 .text.I2S_Init
                0x00000000       0x9c build/stm32f10x_spi.o
 .text.SPI_StructInit
                0x00000000       0x10 build/stm32f10x_spi.o
 .text.I2S_StructInit
                0x00000000       0x10 build/stm32f10x_spi.o
 .text.SPI_Cmd  0x00000000       0x1c build/stm32f10x_spi.o
 .text.I2S_Cmd  0x00000000       0x1c build/stm32f10x_spi.o
 .text.SPI_I2S_ITConfig
                0x00000000       0x20 build/stm32f10x_spi.o
 .text.SPI_I2S_DMACmd
                0x00000000       0x14 build/stm32f10x_spi.o
 .text.SPI_I2S_SendData
                0x00000000        0x4 build/stm32f10x_spi.o
 .text.SPI_I2S_ReceiveData
                0x00000000        0x8 build/stm32f10x_spi.o
 .text.SPI_NSSInternalSoftwareConfig
                0x00000000       0x20 build/stm32f10x_spi.o
 .text.SPI_SSOutputCmd
                0x00000000       0x1c build/stm32f10x_spi.o
 .text.SPI_DataSizeConfig
                0x00000000       0x18 build/stm32f10x_spi.o
 .text.SPI_TransmitCRC
                0x00000000        0xc build/stm32f10x_spi.o
 .text.SPI_CalculateCRC
                0x00000000       0x1c build/stm32f10x_spi.o
 .text.SPI_GetCRC
                0x00000000        0xc build/stm32f10x_spi.o
 .text.SPI_GetCRCPolynomial
                0x00000000        0x8 build/stm32f10x_spi.o
 .text.SPI_BiDirectionalLineConfig
                0x00000000       0x20 build/stm32f10x_spi.o
 .text.SPI_I2S_GetFlagStatus
                0x00000000        0xc build/stm32f10x_spi.o
 .text.SPI_I2S_ClearFlag
                0x00000000        0x8 build/stm32f10x_spi.o
 .text.SPI_I2S_GetITStatus
                0x00000000       0x2c build/stm32f10x_spi.o
 .text.SPI_I2S_ClearITPendingBit
                0x00000000       0x10 build/stm32f10x_spi.o
 .debug_info    0x00000000      0x9ff build/stm32f10x_spi.o
 .debug_abbrev  0x00000000      0x23c build/stm32f10x_spi.o
 .debug_loclists
                0x00000000      0x58e build/stm32f10x_spi.o
 .debug_aranges
                0x00000000       0xd0 build/stm32f10x_spi.o
 .debug_rnglists
                0x00000000       0x98 build/stm32f10x_spi.o
 .debug_line    0x00000000      0x6d2 build/stm32f10x_spi.o
 .debug_str     0x00000000      0x620 build/stm32f10x_spi.o
 .comment       0x00000000       0x27 build/stm32f10x_spi.o
 .debug_frame   0x00000000      0x1bc build/stm32f10x_spi.o
 .ARM.attributes
                0x00000000       0x2d build/stm32f10x_spi.o
 .text          0x00000000        0x0 build/stm32f10x_tim.o
 .data          0x00000000        0x0 build/stm32f10x_tim.o
 .bss           0x00000000        0x0 build/stm32f10x_tim.o
 .text.TI1_Config
                0x00000000       0x90 build/stm32f10x_tim.o
 .text.TI2_Config
                0x00000000       0x8c build/stm32f10x_tim.o
 .text.TIM_DeInit
                0x00000000      0x234 build/stm32f10x_tim.o
 .text.TIM_TimeBaseInit
                0x00000000       0xcc build/stm32f10x_tim.o
 .text.TIM_OC1Init
                0x00000000       0x9c build/stm32f10x_tim.o
 .text.TIM_OC2Init
                0x00000000       0x90 build/stm32f10x_tim.o
 .text.TIM_OC3Init
                0x00000000       0x90 build/stm32f10x_tim.o
 .text.TIM_OC4Init
                0x00000000       0x78 build/stm32f10x_tim.o
 .text.TIM_ICInit
                0x00000000      0x174 build/stm32f10x_tim.o
 .text.TIM_PWMIConfig
                0x00000000       0xb0 build/stm32f10x_tim.o
 .text.TIM_BDTRConfig
                0x00000000       0x30 build/stm32f10x_tim.o
 .text.TIM_TimeBaseStructInit
                0x00000000       0x10 build/stm32f10x_tim.o
 .text.TIM_OCStructInit
                0x00000000        0xc build/stm32f10x_tim.o
 .text.TIM_ICStructInit
                0x00000000        0xc build/stm32f10x_tim.o
 .text.TIM_BDTRStructInit
                0x00000000        0xc build/stm32f10x_tim.o
 .text.TIM_Cmd  0x00000000       0x1c build/stm32f10x_tim.o
 .text.TIM_CtrlPWMOutputs
                0x00000000       0x20 build/stm32f10x_tim.o
 .text.TIM_ITConfig
                0x00000000       0x14 build/stm32f10x_tim.o
 .text.TIM_GenerateEvent
                0x00000000        0x4 build/stm32f10x_tim.o
 .text.TIM_DMAConfig
                0x00000000        0x8 build/stm32f10x_tim.o
 .text.TIM_DMACmd
                0x00000000       0x14 build/stm32f10x_tim.o
 .text.TIM_InternalClockConfig
                0x00000000       0x10 build/stm32f10x_tim.o
 .text.TIM_ITRxExternalClockConfig
                0x00000000       0x1c build/stm32f10x_tim.o
 .text.TIM_TIxExternalClockConfig
                0x00000000       0x9c build/stm32f10x_tim.o
 .text.TIM_ETRClockMode1Config
                0x00000000       0x24 build/stm32f10x_tim.o
 .text.TIM_ETRClockMode2Config
                0x00000000       0x1c build/stm32f10x_tim.o
 .text.TIM_ETRConfig
                0x00000000       0x14 build/stm32f10x_tim.o
 .text.TIM_PrescalerConfig
                0x00000000        0x8 build/stm32f10x_tim.o
 .text.TIM_CounterModeConfig
                0x00000000       0x10 build/stm32f10x_tim.o
 .text.TIM_SelectInputTrigger
                0x00000000       0x10 build/stm32f10x_tim.o
 .text.TIM_EncoderInterfaceConfig
                0x00000000       0x54 build/stm32f10x_tim.o
 .text.TIM_ForcedOC1Config
                0x00000000       0x10 build/stm32f10x_tim.o
 .text.TIM_ForcedOC2Config
                0x00000000       0x14 build/stm32f10x_tim.o
 .text.TIM_ForcedOC3Config
                0x00000000       0x10 build/stm32f10x_tim.o
 .text.TIM_ForcedOC4Config
                0x00000000       0x14 build/stm32f10x_tim.o
 .text.TIM_ARRPreloadConfig
                0x00000000       0x1c build/stm32f10x_tim.o
 .text.TIM_SelectCOM
                0x00000000       0x1c build/stm32f10x_tim.o
 .text.TIM_SelectCCDMA
                0x00000000       0x1c build/stm32f10x_tim.o
 .text.TIM_CCPreloadControl
                0x00000000       0x1c build/stm32f10x_tim.o
 .text.TIM_OC1PreloadConfig
                0x00000000       0x10 build/stm32f10x_tim.o
 .text.TIM_OC2PreloadConfig
                0x00000000       0x14 build/stm32f10x_tim.o
 .text.TIM_OC3PreloadConfig
                0x00000000       0x10 build/stm32f10x_tim.o
 .text.TIM_OC4PreloadConfig
                0x00000000       0x14 build/stm32f10x_tim.o
 .text.TIM_OC1FastConfig
                0x00000000       0x10 build/stm32f10x_tim.o
 .text.TIM_OC2FastConfig
                0x00000000       0x14 build/stm32f10x_tim.o
 .text.TIM_OC3FastConfig
                0x00000000       0x10 build/stm32f10x_tim.o
 .text.TIM_OC4FastConfig
                0x00000000       0x14 build/stm32f10x_tim.o
 .text.TIM_ClearOC1Ref
                0x00000000       0x10 build/stm32f10x_tim.o
 .text.TIM_ClearOC2Ref
                0x00000000       0x10 build/stm32f10x_tim.o
 .text.TIM_ClearOC3Ref
                0x00000000       0x10 build/stm32f10x_tim.o
 .text.TIM_ClearOC4Ref
                0x00000000       0x10 build/stm32f10x_tim.o
 .text.TIM_OC1PolarityConfig
                0x00000000       0x10 build/stm32f10x_tim.o
 .text.TIM_OC1NPolarityConfig
                0x00000000       0x10 build/stm32f10x_tim.o
 .text.TIM_OC2PolarityConfig
                0x00000000       0x14 build/stm32f10x_tim.o
 .text.TIM_OC2NPolarityConfig
                0x00000000       0x14 build/stm32f10x_tim.o
 .text.TIM_OC3PolarityConfig
                0x00000000       0x14 build/stm32f10x_tim.o
 .text.TIM_OC3NPolarityConfig
                0x00000000       0x14 build/stm32f10x_tim.o
 .text.TIM_OC4PolarityConfig
                0x00000000       0x14 build/stm32f10x_tim.o
 .text.TIM_CCxCmd
                0x00000000       0x20 build/stm32f10x_tim.o
 .text.TIM_CCxNCmd
                0x00000000       0x20 build/stm32f10x_tim.o
 .text.TIM_SelectOCxM
                0x00000000       0x60 build/stm32f10x_tim.o
 .text.TIM_UpdateDisableConfig
                0x00000000       0x1c build/stm32f10x_tim.o
 .text.TIM_UpdateRequestConfig
                0x00000000       0x1c build/stm32f10x_tim.o
 .text.TIM_SelectHallSensor
                0x00000000       0x1c build/stm32f10x_tim.o
 .text.TIM_SelectOnePulseMode
                0x00000000       0x18 build/stm32f10x_tim.o
 .text.TIM_SelectOutputTrigger
                0x00000000       0x18 build/stm32f10x_tim.o
 .text.TIM_SelectSlaveMode
                0x00000000       0x18 build/stm32f10x_tim.o
 .text.TIM_SelectMasterSlaveMode
                0x00000000       0x18 build/stm32f10x_tim.o
 .text.TIM_SetCounter
                0x00000000        0x4 build/stm32f10x_tim.o
 .text.TIM_SetAutoreload
                0x00000000        0x4 build/stm32f10x_tim.o
 .text.TIM_SetCompare1
                0x00000000        0x4 build/stm32f10x_tim.o
 .text.TIM_SetCompare2
                0x00000000        0x4 build/stm32f10x_tim.o
 .text.TIM_SetCompare3
                0x00000000        0x4 build/stm32f10x_tim.o
 .text.TIM_SetCompare4
                0x00000000        0x8 build/stm32f10x_tim.o
 .text.TIM_SetIC1Prescaler
                0x00000000       0x18 build/stm32f10x_tim.o
 .text.TIM_SetIC2Prescaler
                0x00000000       0x1c build/stm32f10x_tim.o
 .text.TIM_SetIC3Prescaler
                0x00000000       0x18 build/stm32f10x_tim.o
 .text.TIM_SetIC4Prescaler
                0x00000000       0x1c build/stm32f10x_tim.o
 .text.TIM_SetClockDivision
                0x00000000       0x18 build/stm32f10x_tim.o
 .text.TIM_GetCapture1
                0x00000000        0x8 build/stm32f10x_tim.o
 .text.TIM_GetCapture2
                0x00000000        0x8 build/stm32f10x_tim.o
 .text.TIM_GetCapture3
                0x00000000        0x8 build/stm32f10x_tim.o
 .text.TIM_GetCapture4
                0x00000000        0x8 build/stm32f10x_tim.o
 .text.TIM_GetCounter
                0x00000000        0x8 build/stm32f10x_tim.o
 .text.TIM_GetPrescaler
                0x00000000        0x8 build/stm32f10x_tim.o
 .text.TIM_GetFlagStatus
                0x00000000        0xc build/stm32f10x_tim.o
 .text.TIM_ClearFlag
                0x00000000        0x8 build/stm32f10x_tim.o
 .text.TIM_GetITStatus
                0x00000000       0x18 build/stm32f10x_tim.o
 .text.TIM_ClearITPendingBit
                0x00000000        0x8 build/stm32f10x_tim.o
 .debug_info    0x00000000     0x25bd build/stm32f10x_tim.o
 .debug_abbrev  0x00000000      0x332 build/stm32f10x_tim.o
 .debug_loclists
                0x00000000     0x1459 build/stm32f10x_tim.o
 .debug_aranges
                0x00000000      0x2e0 build/stm32f10x_tim.o
 .debug_rnglists
                0x00000000      0x281 build/stm32f10x_tim.o
 .debug_line    0x00000000     0x1de6 build/stm32f10x_tim.o
 .debug_str     0x00000000      0xdee build/stm32f10x_tim.o
 .comment       0x00000000       0x27 build/stm32f10x_tim.o
 .debug_frame   0x00000000      0x6c8 build/stm32f10x_tim.o
 .ARM.attributes
                0x00000000       0x2d build/stm32f10x_tim.o
 .text          0x00000000        0x0 build/stm32f10x_usart.o
 .data          0x00000000        0x0 build/stm32f10x_usart.o
 .bss           0x00000000        0x0 build/stm32f10x_usart.o
 .text.USART_DeInit
                0x00000000       0xb0 build/stm32f10x_usart.o
 .text.USART_StructInit
                0x00000000       0x14 build/stm32f10x_usart.o
 .text.USART_ClockInit
                0x00000000       0x28 build/stm32f10x_usart.o
 .text.USART_ClockStructInit
                0x00000000        0x8 build/stm32f10x_usart.o
 .text.USART_DMACmd
                0x00000000       0x14 build/stm32f10x_usart.o
 .text.USART_SetAddress
                0x00000000       0x18 build/stm32f10x_usart.o
 .text.USART_WakeUpConfig
                0x00000000       0x18 build/stm32f10x_usart.o
 .text.USART_ReceiverWakeUpCmd
                0x00000000       0x1c build/stm32f10x_usart.o
 .text.USART_LINBreakDetectLengthConfig
                0x00000000       0x18 build/stm32f10x_usart.o
 .text.USART_LINCmd
                0x00000000       0x1c build/stm32f10x_usart.o
 .text.USART_SendBreak
                0x00000000        0xc build/stm32f10x_usart.o
 .text.USART_SetGuardTime
                0x00000000       0x14 build/stm32f10x_usart.o
 .text.USART_SetPrescaler
                0x00000000       0x14 build/stm32f10x_usart.o
 .text.USART_SmartCardCmd
                0x00000000       0x1c build/stm32f10x_usart.o
 .text.USART_SmartCardNACKCmd
                0x00000000       0x1c build/stm32f10x_usart.o
 .text.USART_HalfDuplexCmd
                0x00000000       0x1c build/stm32f10x_usart.o
 .text.USART_OverSampling8Cmd
                0x00000000       0x1c build/stm32f10x_usart.o
 .text.USART_OneBitMethodCmd
                0x00000000       0x1c build/stm32f10x_usart.o
 .text.USART_IrDAConfig
                0x00000000       0x18 build/stm32f10x_usart.o
 .text.USART_IrDACmd
                0x00000000       0x1c build/stm32f10x_usart.o
 .text.USART_ClearFlag
                0x00000000        0x8 build/stm32f10x_usart.o
 .text          0x00000000        0x0 build/stm32f10x_wwdg.o
 .data          0x00000000        0x0 build/stm32f10x_wwdg.o
 .bss           0x00000000        0x0 build/stm32f10x_wwdg.o
 .text.WWDG_DeInit
                0x00000000       0x1c build/stm32f10x_wwdg.o
 .text.WWDG_SetPrescaler
                0x00000000       0x14 build/stm32f10x_wwdg.o
 .text.WWDG_SetWindowValue
                0x00000000       0x28 build/stm32f10x_wwdg.o
 .text.WWDG_EnableIT
                0x00000000       0x10 build/stm32f10x_wwdg.o
 .text.WWDG_SetCounter
                0x00000000       0x10 build/stm32f10x_wwdg.o
 .text.WWDG_Enable
                0x00000000       0x10 build/stm32f10x_wwdg.o
 .text.WWDG_GetFlagStatus
                0x00000000        0xc build/stm32f10x_wwdg.o
 .text.WWDG_ClearFlag
                0x00000000        0xc build/stm32f10x_wwdg.o
 .debug_info    0x00000000      0x258 build/stm32f10x_wwdg.o
 .debug_abbrev  0x00000000      0x18f build/stm32f10x_wwdg.o
 .debug_loclists
                0x00000000       0x78 build/stm32f10x_wwdg.o
 .debug_aranges
                0x00000000       0x58 build/stm32f10x_wwdg.o
 .debug_rnglists
                0x00000000       0x3d build/stm32f10x_wwdg.o
 .debug_line    0x00000000      0x243 build/stm32f10x_wwdg.o
 .debug_str     0x00000000      0x272 build/stm32f10x_wwdg.o
 .comment       0x00000000       0x27 build/stm32f10x_wwdg.o
 .debug_frame   0x00000000       0xa4 build/stm32f10x_wwdg.o
 .ARM.attributes
                0x00000000       0x2d build/stm32f10x_wwdg.o
 .text          0x00000000       0x14 build/startup_stm32f10x_md.o
 .data          0x00000000        0x0 build/startup_stm32f10x_md.o
 .bss           0x00000000        0x0 build/startup_stm32f10x_md.o

Memory Configuration

Name             Origin             Length             Attributes
RAM              0x20000000         0x00005000         xrw
FLASH            0x08000000         0x00010000         xr
*default*        0x00000000         0xffffffff

Linker script and memory map

LOAD build/main.o
LOAD build/system_stm32f10x.o
LOAD build/misc.o
LOAD build/stm32f10x_adc.o
LOAD build/stm32f10x_bkp.o
LOAD build/stm32f10x_can.o
LOAD build/stm32f10x_cec.o
LOAD build/stm32f10x_crc.o
LOAD build/stm32f10x_dac.o
LOAD build/stm32f10x_dbgmcu.o
LOAD build/stm32f10x_dma.o
LOAD build/stm32f10x_exti.o
LOAD build/stm32f10x_flash.o
LOAD build/stm32f10x_fsmc.o
LOAD build/stm32f10x_gpio.o
LOAD build/stm32f10x_i2c.o
LOAD build/stm32f10x_iwdg.o
LOAD build/stm32f10x_pwr.o
LOAD build/stm32f10x_rcc.o
LOAD build/stm32f10x_rtc.o
LOAD build/stm32f10x_sdio.o
LOAD build/stm32f10x_spi.o
LOAD build/stm32f10x_tim.o
LOAD build/stm32f10x_usart.o
LOAD build/stm32f10x_wwdg.o
LOAD build/startup_stm32f10x_md.o
START GROUP
LOAD /usr/lib/gcc/arm-none-eabi/14.2.1/thumb/v7-m/nofp/libgcc.a
LOAD /usr/lib/gcc/arm-none-eabi/14.2.1/../../../arm-none-eabi/lib/thumb/v7-m/nofp/libc_nano.a
END GROUP
START GROUP
LOAD /usr/lib/gcc/arm-none-eabi/14.2.1/thumb/v7-m/nofp/libgcc.a
LOAD /usr/lib/gcc/arm-none-eabi/14.2.1/../../../arm-none-eabi/lib/thumb/v7-m/nofp/libc_nano.a
LOAD /usr/lib/gcc/arm-none-eabi/14.2.1/../../../arm-none-eabi/lib/thumb/v7-m/nofp/libnosys.a
END GROUP
START GROUP
LOAD /usr/lib/gcc/arm-none-eabi/14.2.1/thumb/v7-m/nofp/libgcc.a
LOAD /usr/lib/gcc/arm-none-eabi/14.2.1/../../../arm-none-eabi/lib/thumb/v7-m/nofp/libc_nano.a
LOAD /usr/lib/gcc/arm-none-eabi/14.2.1/../../../arm-none-eabi/lib/thumb/v7-m/nofp/libnosys.a
END GROUP
                0x20005000                        _estack = (ORIGIN (RAM) + LENGTH (RAM))

.isr_vector     0x08000000      0x10c
                0x08000000                        . = ALIGN (0x4)
 *(.isr_vector)
 .isr_vector    0x08000000      0x10c build/startup_stm32f10x_md.o
                0x08000000                g_pfnVectors
                0x0800010c                        . = ALIGN (0x4)

.text           0x0800010c      0x608
                0x0800010c                        . = ALIGN (0x4)
 *(.text)
 *(.text*)
 .text.USART1_Init
                0x0800010c       0x80 build/main.o
                0x0800010c                USART1_Init
 .text.USART1_IRQHandler
                0x0800018c      0x108 build/main.o
                0x0800018c                USART1_IRQHandler
 .text.startup.main
                0x08000294        0x8 build/main.o
                0x08000294                main
 .text.SystemInit
                0x0800029c      0x100 build/system_stm32f10x.o
                0x0800029c                SystemInit
 .text.NVIC_Init
                0x0800039c       0x5c build/misc.o
                0x0800039c                NVIC_Init
 .text.GPIO_Init
                0x080003f8       0xbc build/stm32f10x_gpio.o
                0x080003f8                GPIO_Init
 .text.RCC_GetClocksFreq
                0x080004b4       0x8c build/stm32f10x_rcc.o
                0x080004b4                RCC_GetClocksFreq
 .text.RCC_APB2PeriphClockCmd
                0x08000540       0x18 build/stm32f10x_rcc.o
                0x08000540                RCC_APB2PeriphClockCmd
 .text.USART_Init
                0x08000558       0xb8 build/stm32f10x_usart.o
                0x08000558                USART_Init
 .text.USART_Cmd
                0x08000610       0x1c build/stm32f10x_usart.o
                0x08000610                USART_Cmd
 .text.USART_ITConfig
                0x0800062c       0x34 build/stm32f10x_usart.o
                0x0800062c                USART_ITConfig
 .text.USART_SendData
                0x08000660        0x8 build/stm32f10x_usart.o
                0x08000660                USART_SendData
 .text.USART_ReceiveData
                0x08000668        0x8 build/stm32f10x_usart.o
                0x08000668                USART_ReceiveData
 .text.USART_GetFlagStatus
                0x08000670        0xc build/stm32f10x_usart.o
                0x08000670                USART_GetFlagStatus
 .text.USART_GetITStatus
                0x0800067c       0x40 build/stm32f10x_usart.o
                0x0800067c                USART_GetITStatus
 .text.USART_ClearITPendingBit
                0x080006bc       0x10 build/stm32f10x_usart.o
                0x080006bc                USART_ClearITPendingBit
 .text.Reset_Handler
                0x080006cc       0x44 build/startup_stm32f10x_md.o
                0x080006cc                Reset_Handler
 .text.Default_Handler
                0x08000710        0x2 build/startup_stm32f10x_md.o
                0x08000710                EXTI2_IRQHandler
                0x08000710                DebugMon_Handler
                0x08000710                TIM1_CC_IRQHandler
                0x08000710                HardFault_Handler
                0x08000710                SysTick_Handler
                0x08000710                PVD_IRQHandler
                0x08000710                PendSV_Handler
                0x08000710                NMI_Handler
                0x08000710                EXTI3_IRQHandler
                0x08000710                EXTI0_IRQHandler
                0x08000710                I2C2_EV_IRQHandler
                0x08000710                UsageFault_Handler
                0x08000710                ADC1_2_IRQHandler
                0x08000710                SPI1_IRQHandler
                0x08000710                TAMPER_IRQHandler
                0x08000710                DMA1_Channel4_IRQHandler
                0x08000710                USART3_IRQHandler
                0x08000710                RTC_IRQHandler
                0x08000710                DMA1_Channel7_IRQHandler
                0x08000710                CAN1_RX1_IRQHandler
                0x08000710                TIM4_IRQHandler
                0x08000710                I2C1_EV_IRQHandler
                0x08000710                DMA1_Channel6_IRQHandler
                0x08000710                TIM3_IRQHandler
                0x08000710                RCC_IRQHandler
                0x08000710                TIM1_TRG_COM_IRQHandler
                0x08000710                DMA1_Channel1_IRQHandler
                0x08000710                Default_Handler
                0x08000710                EXTI15_10_IRQHandler
                0x08000710                EXTI9_5_IRQHandler
                0x08000710                SPI2_IRQHandler
                0x08000710                MemManage_Handler
                0x08000710                SVC_Handler
                0x08000710                DMA1_Channel5_IRQHandler
                0x08000710                EXTI4_IRQHandler
                0x08000710                USB_LP_CAN1_RX0_IRQHandler
                0x08000710                USB_HP_CAN1_TX_IRQHandler
                0x08000710                DMA1_Channel3_IRQHandler
                0x08000710                TIM1_UP_IRQHandler
                0x08000710                WWDG_IRQHandler
                0x08000710                TIM2_IRQHandler
                0x08000710                TIM1_BRK_IRQHandler
                0x08000710                EXTI1_IRQHandler
                0x08000710                RTCAlarm_IRQHandler
                0x08000710                USART2_IRQHandler
                0x08000710                I2C2_ER_IRQHandler
                0x08000710                DMA1_Channel2_IRQHandler
                0x08000710                CAN1_SCE_IRQHandler
                0x08000710                FLASH_IRQHandler
                0x08000710                BusFault_Handler
                0x08000710                I2C1_ER_IRQHandler
                0x08000710                USBWakeUp_IRQHandler
 *(.glue_7)
 .glue_7        0x08000712        0x0 linker stubs
 *(.glue_7t)
 .glue_7t       0x08000712        0x0 linker stubs
 *(.eh_frame)
 *(.init)
 *(.fini)
                0x08000714                        . = ALIGN (0x4)
 *fill*         0x08000712        0x2 
                0x08000714                        _etext = .

.vfp11_veneer   0x08000714        0x0
 .vfp11_veneer  0x08000714        0x0 linker stubs

.v4_bx          0x08000714        0x0
 .v4_bx         0x08000714        0x0 linker stubs

.iplt           0x08000714        0x0
 .iplt          0x08000714        0x0 build/main.o

.rodata         0x08000714       0x24
                0x08000714                        . = ALIGN (0x4)
 *(.rodata)
 *(.rodata*)
 .rodata.USART1_IRQHandler.str1.4
                0x08000714        0xf build/main.o
 *fill*         0x08000723        0x1 
 .rodata.ADCPrescTable
                0x08000724        0x4 build/stm32f10x_rcc.o
 .rodata.APBAHBPrescTable
                0x08000728       0x10 build/stm32f10x_rcc.o
                0x08000738                        . = ALIGN (0x4)
                0x08000738                        _sidata = LOADADDR (.data)

.rel.dyn        0x08000738        0x0
 .rel.iplt      0x08000738        0x0 build/main.o

.data           0x20000000        0x0 load address 0x08000738
                0x20000000                        . = ALIGN (0x4)
                0x20000000                        _sdata = .
 *(.data)
 *(.data*)
                0x20000000                        . = ALIGN (0x4)
                0x20000000                        _edata = .

.igot.plt       0x20000000        0x0 load address 0x08000738
 .igot.plt      0x20000000        0x0 build/main.o

.bss            0x20000000       0x84 load address 0x08000738
                0x20000000                        . = ALIGN (0x4)
                0x20000000                        _sbss = .
                0x20000000                        __bss_start__ = _sbss
 *(.bss)
 *(.bss*)
 .bss.rx_index  0x20000000        0x1 build/main.o
                0x20000000                rx_index
 *fill*         0x20000001        0x3 
 .bss.rx_buffer
                0x20000004       0x80 build/main.o
                0x20000004                rx_buffer
 *(COMMON)
                0x20000084                        . = ALIGN (0x4)
                0x20000084                        _ebss = .
                0x20000084                        __bss_end__ = _ebss

/DISCARD/
 libc.a(*)
 libm.a(*)
 libgcc.a(*)
OUTPUT(main.elf elf32-littlearm)
LOAD linker stubs
LOAD /usr/lib/gcc/arm-none-eabi/14.2.1/../../../arm-none-eabi/lib/thumb/v7-m/nofp/libc.a
LOAD /usr/lib/gcc/arm-none-eabi/14.2.1/../../../arm-none-eabi/lib/thumb/v7-m/nofp/libm.a
LOAD /usr/lib/gcc/arm-none-eabi/14.2.1/thumb/v7-m/nofp/libgcc.a

.debug_info     0x00000000     0x30ce
 .debug_info    0x00000000      0xaa7 build/main.o
 .debug_info    0x00000aa7      0x422 build/system_stm32f10x.o
 .debug_info    0x00000ec9      0x4d6 build/misc.o
 .debug_info    0x0000139f      0x8a6 build/stm32f10x_gpio.o
 .debug_info    0x00001c45      0x92b build/stm32f10x_rcc.o
 .debug_info    0x00002570      0xb5e build/stm32f10x_usart.o

.debug_abbrev   0x00000000      0xd6b
 .debug_abbrev  0x00000000      0x2ba build/main.o
 .debug_abbrev  0x000002ba      0x1eb build/system_stm32f10x.o
 .debug_abbrev  0x000004a5      0x1a4 build/misc.o
 .debug_abbrev  0x00000649      0x261 build/stm32f10x_gpio.o
 .debug_abbrev  0x000008aa      0x29e build/stm32f10x_rcc.o
 .debug_abbrev  0x00000b48      0x223 build/stm32f10x_usart.o

.debug_loclists
                0x00000000     0x11f2
 .debug_loclists
                0x00000000      0x101 build/main.o
 .debug_loclists
                0x00000101       0x8e build/system_stm32f10x.o
 .debug_loclists
                0x0000018f      0x120 build/misc.o
 .debug_loclists
                0x000002af      0x541 build/stm32f10x_gpio.o
 .debug_loclists
                0x000007f0      0x392 build/stm32f10x_rcc.o
 .debug_loclists
                0x00000b82      0x670 build/stm32f10x_usart.o

.debug_aranges  0x00000000      0x368
 .debug_aranges
                0x00000000       0x40 build/main.o
 .debug_aranges
                0x00000040       0x28 build/system_stm32f10x.o
 .debug_aranges
                0x00000068       0x40 build/misc.o
 .debug_aranges
                0x000000a8       0xa8 build/stm32f10x_gpio.o
 .debug_aranges
                0x00000150      0x118 build/stm32f10x_rcc.o
 .debug_aranges
                0x00000268      0x100 build/stm32f10x_usart.o

.debug_rnglists
                0x00000000      0x2ea
 .debug_rnglists
                0x00000000       0x7c build/main.o
 .debug_rnglists
                0x0000007c       0x2b build/system_stm32f10x.o
 .debug_rnglists
                0x000000a7       0x2b build/misc.o
 .debug_rnglists
                0x000000d2       0x7b build/stm32f10x_gpio.o
 .debug_rnglists
                0x0000014d       0xe0 build/stm32f10x_rcc.o
 .debug_rnglists
                0x0000022d       0xbd build/stm32f10x_usart.o

.debug_line     0x00000000     0x2122
 .debug_line    0x00000000      0x3b3 build/main.o
 .debug_line    0x000003b3      0x355 build/system_stm32f10x.o
 .debug_line    0x00000708      0x269 build/misc.o
 .debug_line    0x00000971      0x6ba build/stm32f10x_gpio.o
 .debug_line    0x0000102b      0x88e build/stm32f10x_rcc.o
 .debug_line    0x000018b9      0x869 build/stm32f10x_usart.o

.debug_str      0x00000000     0x139e
 .debug_str     0x00000000     0x139e build/main.o
                                0x7f6 (size before relaxing)
 .debug_str     0x0000139e        0x0 build/system_stm32f10x.o
                                0x2c9 (size before relaxing)
 .debug_str     0x0000139e        0x0 build/misc.o
                                0x3a6 (size before relaxing)
 .debug_str     0x0000139e        0x0 build/stm32f10x_gpio.o
                                0x513 (size before relaxing)
 .debug_str     0x0000139e        0x0 build/stm32f10x_rcc.o
                                0x5fd (size before relaxing)
 .debug_str     0x0000139e        0x0 build/stm32f10x_usart.o
                                0x6b3 (size before relaxing)

.comment        0x00000000       0x26
 .comment       0x00000000       0x26 build/main.o
                                 0x27 (size before relaxing)
 .comment       0x00000026        0x0 build/system_stm32f10x.o
                                 0x27 (size before relaxing)
 .comment       0x00000026        0x0 build/misc.o
                                 0x27 (size before relaxing)
 .comment       0x00000026        0x0 build/stm32f10x_gpio.o
                                 0x27 (size before relaxing)
 .comment       0x00000026        0x0 build/stm32f10x_rcc.o
                                 0x27 (size before relaxing)
 .comment       0x00000026        0x0 build/stm32f10x_usart.o
                                 0x27 (size before relaxing)

.ARM.attributes
                0x00000000       0x2b
 .ARM.attributes
                0x00000000       0x2d build/main.o
 .ARM.attributes
                0x0000002d       0x2d build/system_stm32f10x.o
 .ARM.attributes
                0x0000005a       0x2d build/misc.o
 .ARM.attributes
                0x00000087       0x2d build/stm32f10x_gpio.o
 .ARM.attributes
                0x000000b4       0x2d build/stm32f10x_rcc.o
 .ARM.attributes
                0x000000e1       0x2d build/stm32f10x_usart.o
 .ARM.attributes
                0x0000010e       0x21 build/startup_stm32f10x_md.o

.debug_frame    0x00000000      0x73c
 .debug_frame   0x00000000       0xac build/main.o
 .debug_frame   0x000000ac       0x44 build/system_stm32f10x.o
 .debug_frame   0x000000f0       0x6c build/misc.o
 .debug_frame   0x0000015c      0x194 build/stm32f10x_gpio.o
 .debug_frame   0x000002f0      0x228 build/stm32f10x_rcc.o
 .debug_frame   0x00000518      0x224 build/stm32f10x_usart.o
